// Jest Snapshot v1, https://goo.gl/fbAQLP

exports[`BookCard should match with snapshot 1`] = `
<div>
  <div
    class="MuiPaper-root MuiCard-root makeStyles-root-1 MuiPaper-elevation1 MuiPaper-rounded"
  >
    <div
      class="MuiCardMedia-root makeStyles-media-2"
      style="background-image: url(thumbnail);"
      title="title"
    />
    <div
      class="MuiCardActions-root"
    >
      <button
        aria-label="add to favorites"
        class="MuiButtonBase-root MuiIconButton-root"
        tabindex="0"
        type="button"
      >
        <span
          class="MuiIconButton-label"
        >
          <svg
            aria-hidden="true"
            class="MuiSvgIcon-root"
            focusable="false"
            viewBox="0 0 24 24"
          >
            <path
              d="M12 21.35l-1.45-1.32C5.4 15.36 2 12.28 2 8.5 2 5.42 4.42 3 7.5 3c1.74 0 3.41.81 4.5 2.09C13.09 3.81 14.76 3 16.5 3 19.58 3 22 5.42 22 8.5c0 3.78-3.4 6.86-8.55 11.54L12 21.35z"
            />
          </svg>
        </span>
        <span
          class="MuiTouchRipple-root"
        />
      </button>
    </div>
    <div
      class="MuiCardContent-root"
    >
      <p
        class="MuiTypography-root MuiTypography-h5 MuiTypography-colorTextSecondary"
      >
        title
      </p>
    </div>
  </div>
</div>
`;
